{
  "version": "1.5.0",
  "plugins_used": [
    {
      "name": "ArtifactoryDetector"
    },
    {
      "name": "AWSKeyDetector"
    },
    {
      "name": "AzureStorageKeyDetector"
    },
    {
      "name": "Base64HighEntropyString",
      "limit": 4.5
    },
    {
      "name": "BasicAuthDetector"
    },
    {
      "name": "CloudantDetector"
    },
    {
      "name": "DiscordBotTokenDetector"
    },
    {
      "name": "GitHubTokenDetector"
    },
    {
      "name": "GitLabTokenDetector"
    },
    {
      "name": "HexHighEntropyString",
      "limit": 3.0
    },
    {
      "name": "IbmCloudIamDetector"
    },
    {
      "name": "IbmCosHmacDetector"
    },
    {
      "name": "IPPublicDetector"
    },
    {
      "name": "JwtTokenDetector"
    },
    {
      "name": "KeywordDetector",
      "keyword_exclude": ""
    },
    {
      "name": "MailchimpDetector"
    },
    {
      "name": "NpmDetector"
    },
    {
      "name": "OpenAIDetector"
    },
    {
      "name": "PrivateKeyDetector"
    },
    {
      "name": "PypiTokenDetector"
    },
    {
      "name": "SendGridDetector"
    },
    {
      "name": "SlackDetector"
    },
    {
      "name": "SoftlayerDetector"
    },
    {
      "name": "SquareOAuthDetector"
    },
    {
      "name": "StripeDetector"
    },
    {
      "name": "TelegramBotTokenDetector"
    },
    {
      "name": "TwilioKeyDetector"
    }
  ],
  "filters_used": [
    {
      "path": "detect_secrets.filters.allowlist.is_line_allowlisted"
    },
    {
      "path": "detect_secrets.filters.common.is_baseline_file",
      "filename": ".secrets.baseline"
    },
    {
      "path": "detect_secrets.filters.common.is_ignored_due_to_verification_policies",
      "min_level": 2
    },
    {
      "path": "detect_secrets.filters.heuristic.is_indirect_reference"
    },
    {
      "path": "detect_secrets.filters.heuristic.is_likely_id_string"
    },
    {
      "path": "detect_secrets.filters.heuristic.is_lock_file"
    },
    {
      "path": "detect_secrets.filters.heuristic.is_not_alphanumeric_string"
    },
    {
      "path": "detect_secrets.filters.heuristic.is_potential_uuid"
    },
    {
      "path": "detect_secrets.filters.heuristic.is_prefixed_with_dollar_sign"
    },
    {
      "path": "detect_secrets.filters.heuristic.is_sequential_string"
    },
    {
      "path": "detect_secrets.filters.heuristic.is_swagger_file"
    },
    {
      "path": "detect_secrets.filters.heuristic.is_templated_secret"
    }
  ],
  "results": {
    ".env.example": [
      {
        "type": "Basic Auth Credentials",
        "filename": ".env.example",
        "hashed_secret": "3b6f5b1c6ffdf5e9d335132d6b6ae9dbca0fd269",
        "is_verified": false,
        "line_number": 3
      }
    ],
    ".github/workflows/ci.yml": [
      {
        "type": "Basic Auth Credentials",
        "filename": ".github/workflows/ci.yml",
        "hashed_secret": "3b6f5b1c6ffdf5e9d335132d6b6ae9dbca0fd269",
        "is_verified": false,
        "line_number": 18
      },
      {
        "type": "Secret Keyword",
        "filename": ".github/workflows/ci.yml",
        "hashed_secret": "3b6f5b1c6ffdf5e9d335132d6b6ae9dbca0fd269",
        "is_verified": false,
        "line_number": 25
      }
    ],
    "Makefile": [
      {
        "type": "Basic Auth Credentials",
        "filename": "Makefile",
        "hashed_secret": "3b6f5b1c6ffdf5e9d335132d6b6ae9dbca0fd269",
        "is_verified": false,
        "line_number": 2
      }
    ],
    "compose.yaml": [
      {
        "type": "Secret Keyword",
        "filename": "compose.yaml",
        "hashed_secret": "3b6f5b1c6ffdf5e9d335132d6b6ae9dbca0fd269",
        "is_verified": false,
        "line_number": 7
      }
    ],
    "tests/integration/conftest.py": [
      {
        "type": "Basic Auth Credentials",
        "filename": "tests/integration/conftest.py",
        "hashed_secret": "3b6f5b1c6ffdf5e9d335132d6b6ae9dbca0fd269",
        "is_verified": false,
        "line_number": 10
      }
    ],
    "tests/integration/test_readiness.py": [
      {
        "type": "Basic Auth Credentials",
        "filename": "tests/integration/test_readiness.py",
        "hashed_secret": "a94a8fe5ccb19ba61c4c0873d391e987982fbbd3",
        "is_verified": false,
        "line_number": 35
      }
    ],
    "tests/unit/test_app.py": [
      {
        "type": "Basic Auth Credentials",
        "filename": "tests/unit/test_app.py",
        "hashed_secret": "0df9eea0bad5a55395db9ec290dfcf4a883d5d3e",
        "is_verified": false,
        "line_number": 13
      }
    ],
    "tests/unit/test_config.py": [
      {
        "type": "Basic Auth Credentials",
        "filename": "tests/unit/test_config.py",
        "hashed_secret": "7360b5ade310a7cfa6cbb116f52c0c3fce7b1822",
        "is_verified": false,
        "line_number": 13
      },
      {
        "type": "Basic Auth Credentials",
        "filename": "tests/unit/test_config.py",
        "hashed_secret": "fdfbd863cdee3085843de7e411e9cb9ceebd6ef0",
        "is_verified": false,
        "line_number": 60
      },
      {
        "type": "Basic Auth Credentials",
        "filename": "tests/unit/test_config.py",
        "hashed_secret": "a94a8fe5ccb19ba61c4c0873d391e987982fbbd3",
        "is_verified": false,
        "line_number": 93
      }
    ]
  },
  "generated_at": "2026-10-06T12:13:17Z"
}
